{"body":{"message":"hello","request":["one"," two"," three"],"headers":["application/json"],"float":1.1,"sum":1,"nil":null,"boolean":false,"list":["one","two","three","four","five"],"repeater":[{"id":"1-one"},{"id":"2-two"},{"id":"3-three"}]}}