{"data":{"queries":{"time":"now","message":"hi"}}}