<data><queries><time>now</time><message>hi</message></queries></data>